// Jest Snapshot v1, https://goo.gl/fbAQLP

exports[`Indesicion component debe de hacer match con el snapshot / debe de ser igual a la fotografia  1`] = `
<div>
  <!--v-if-->
  <div class="bg-dark"></div>
  <div class="indecision-container"><input type="text" placeholder="Realiza una pregunta">
    <p>Recuerda terminar con un signo de interrogacion(?)</p>
    <!--v-if-->
  </div>
</div>
`;
